[
  {
    "Name": "site-all-report",
    "Display": "Sites",
    "Description": "List all sites",
    "OrderBy": [
      {
        "Name": "name",
        "Display": "Site name"
      },
      {
        "Name": "city",
        "Display": "City"
      }
    ],
    "Where": []
  },
  {
    "Name": "org.jimmc.jraceman.Entries",
    "Display": "Entries",
    "Description": "Entries ordered as selected.",
    "OrderBy": [
      {
        "Name": "team",
        "Display": "Team, Person, Event"
      },
      {
        "Name": "person",
        "Display": "Person, Event"
      },
      {
        "Name": "eventTeam",
        "Display": "Event, Team, Person"
      },
      {
        "Name": "eventPerson",
        "Display": "Event, Person"
      }
    ],
    "Where": [
      {
        "Name": "event_id",
        "Display": "Event",
        "Ops": [
          "eq"
        ]
      },
      {
        "Name": "event_name",
        "Display": "Event Name",
        "Ops": [
          "eq",
          "ne",
          "gt",
          "ge",
          "lt",
          "le",
          "like"
        ]
      },
      {
        "Name": "event_number",
        "Display": "Event Number",
        "Ops": [
          "eq",
          "ne",
          "gt",
          "ge",
          "lt",
          "le"
        ]
      },
      {
        "Name": "team_id",
        "Display": "Team",
        "Ops": [
          "eq"
        ]
      },
      {
        "Name": "team_shortname",
        "Display": "Team Short Name",
        "Ops": [
          "eq",
          "ne",
          "gt",
          "ge",
          "lt",
          "le",
          "like"
        ]
      },
      {
        "Name": "team_name",
        "Display": "Team Name",
        "Ops": [
          "eq",
          "ne",
          "gt",
          "ge",
          "lt",
          "le",
          "like"
        ]
      },
      {
        "Name": "person_id",
        "Display": "Person",
        "Ops": [
          "eq"
        ]
      }
    ]
  },
  {
    "Name": "org.jimmc.jraceman.Lanes",
    "Display": "Lanes",
    "Description": "",
    "OrderBy": [],
    "Where": []
  }
]