[
  {
    "Name": "site-all-report",
    "Display": "Sites",
    "Description": "List all sites",
    "OrderBy": [
      {
        "Name": "name",
        "Display": "Site name"
      },
      {
        "Name": "city",
        "Display": "City"
      }
    ],
    "Where": []
  },
  {
    "Name": "org.jimmc.jraceman.Entries",
    "Display": "Entries",
    "Description": "Entries ordered as selected.",
    "OrderBy": [
      {
        "Name": "team",
        "Display": "Team, Person, Event"
      },
      {
        "Name": "person",
        "Display": "Person, Event"
      },
      {
        "Name": "eventTeam",
        "Display": "Event, Team, Person"
      },
      {
        "Name": "eventPerson",
        "Display": "Event, Person"
      }
    ],
    "Where": [
      {
        "Name": "event_id",
        "Display": "Event"
      },
      {
        "Name": "event_name",
        "Display": "Event Name"
      },
      {
        "Name": "event_number",
        "Display": "Event Number"
      },
      {
        "Name": "team_id",
        "Display": "Team"
      },
      {
        "Name": "team_shortname",
        "Display": "Team Short Name"
      },
      {
        "Name": "team_name",
        "Display": "Team Name"
      },
      {
        "Name": "person_id",
        "Display": "Person"
      }
    ]
  },
  {
    "Name": "org.jimmc.jraceman.Lanes",
    "Display": "Lanes",
    "Description": "",
    "OrderBy": [],
    "Where": []
  }
]