#!jraceman -import
!exportVersion 2
!appInfo JRaceman v2.0.0
!type database

!table competition
!columns "id","name","groupsize","maxalternates","duration"
#no rows

!table complan
!columns "id","system","plan","minentries","maxentries","planorder"
#no rows

!table complanstage
!columns "id","complanid","stageid","round","sectioncount","fillorder"
#no rows

!table complanrule
!columns "id","complanid","fromround","fromsection","fromplace","toround","tosection","tolane"
#no rows

!table site
!columns "id","name","street","street2","city","state","zip","country","phone","fax"
"S1","Site One",null,null,"Anytown",null,null,null,null,null
"S2","Site Two",null,null,"Centerville",null,null,null,null,null

!table area
!columns "id","name","siteid","lanes","extralanes"
"A1","Main Course","S1",9,2
"A2","Distance Course","S1",150,0
"A3","Center Course","S2",9,0

!table exception
!columns "id","name","shortname","resultallowedrequired"
#no rows

!table level
!columns "id","name","minentryage","minage","maxage","maxentryage","usegroupaverage"
#no rows

!table stage
!columns "id","name","number","isfinal"
#no rows

!table gender
!columns "id","name"
#no rows

!table simplan
!columns "id","system","plan","minentries","maxentries"
#no rows

!table simplanstage
!columns "id","simplanid","stageid","sectioncount","fillorder"
#no rows

!table simplanrule
!columns "id","simplanid","fromstageid","tostageid","thruplace","nextbesttimes"
#no rows

!table progression
!columns "id","name","class","parameters"
#no rows

!table scoringsystem
!columns "id","name"
#no rows

!table scoringrule
!columns "id","scoringsystemid","rule","value","points"
#no rows
