[
  {
    "ID": "S1",
    "Name": "Site One",
    "Street": null,
    "Street2": null,
    "City": "Anytown",
    "State": null,
    "Zip": null,
    "Country": null,
    "Phone": "800-555-1212",
    "Fax": null
  },
  {
    "ID": "S2",
    "Name": "Site Two",
    "Street": null,
    "Street2": null,
    "City": "Somewhere",
    "State": null,
    "Zip": null,
    "Country": null,
    "Phone": "888-555-1234",
    "Fax": null
  }
]